a
0.5
